/SiteWebIF/Intranet-etudiant.php (3 hits)
/SiteWebIF/Intranet-etudiant.php?ticket=ST-53993-XrcVeCUupj2A3AWsDgOY-dsi-vm03 (1 hits)
/stages/FondInsa.jpg (1 hits)
/stages/InsaIF.ico (1 hits)
/stages/bandeauFinal.jpg (1 hits)
/stages/style_pfe.css (1 hits)