/SiteWebIF/Intranet-etudiant.php (1 hits)
/temps/ (1 hits)
/temps/3IF1.ics (1 hits)
/temps/4IF16.html (1 hits)
/temps/4IF17.html (1 hits)
/temps/4IF4.ics (1 hits)
/temps/InsaIF.ico (1 hits)