/temps/3IF37.html (1 hits)
/temps/4IF16.html (1 hits)