/temps/4IF3.ics (2 hits)
/notesif/RSS/RSS_4IF.xml (1 hits)
/temps/3IF3.html (1 hits)
/temps/4IF16.html (1 hits)
/temps/4IF17.html (1 hits)
/temps/4IF18.html (1 hits)