/temps/4IF16.html (3 hits)
/notesif/RSS/RSS_4IF.xml (2 hits)
/temps/precedent.gif (1 hits)
